<?xml version="1.0" encoding="ISO-8859-1" ?>
<link_info>
   <banner>TMS320C2000 Linker PC v20.2.4.LTS</banner>
   <copyright>Copyright (c) 1996-2018 Texas Instruments Incorporated</copyright>
   <link_time>0x60b2804a</link_time>
   <link_errors>0x0</link_errors>
   <output_file>Example_2803xAdc_TempSensorConv.out</output_file>
   <entry_point>
      <name>code_start</name>
      <address>0x0</address>
   </entry_point>
   <input_file_list>
      <input_file id="fl-2">
         <path>.\</path>
         <kind>object</kind>
         <file>DSP2803x_Adc.obj</file>
         <name>DSP2803x_Adc.obj</name>
      </input_file>
      <input_file id="fl-3">
         <path>.\</path>
         <kind>object</kind>
         <file>DSP2803x_CodeStartBranch.obj</file>
         <name>DSP2803x_CodeStartBranch.obj</name>
      </input_file>
      <input_file id="fl-4">
         <path>.\</path>
         <kind>object</kind>
         <file>DSP2803x_CpuTimers.obj</file>
         <name>DSP2803x_CpuTimers.obj</name>
      </input_file>
      <input_file id="fl-5">
         <path>.\</path>
         <kind>object</kind>
         <file>DSP2803x_DefaultIsr.obj</file>
         <name>DSP2803x_DefaultIsr.obj</name>
      </input_file>
      <input_file id="fl-6">
         <path>.\</path>
         <kind>object</kind>
         <file>DSP2803x_GlobalVariableDefs.obj</file>
         <name>DSP2803x_GlobalVariableDefs.obj</name>
      </input_file>
      <input_file id="fl-7">
         <path>.\</path>
         <kind>object</kind>
         <file>DSP2803x_PieCtrl.obj</file>
         <name>DSP2803x_PieCtrl.obj</name>
      </input_file>
      <input_file id="fl-8">
         <path>.\</path>
         <kind>object</kind>
         <file>DSP2803x_PieVect.obj</file>
         <name>DSP2803x_PieVect.obj</name>
      </input_file>
      <input_file id="fl-9">
         <path>.\</path>
         <kind>object</kind>
         <file>DSP2803x_SysCtrl.obj</file>
         <name>DSP2803x_SysCtrl.obj</name>
      </input_file>
      <input_file id="fl-a">
         <path>.\</path>
         <kind>object</kind>
         <file>DSP2803x_TempSensorConv.obj</file>
         <name>DSP2803x_TempSensorConv.obj</name>
      </input_file>
      <input_file id="fl-b">
         <path>.\</path>
         <kind>object</kind>
         <file>DSP2803x_usDelay.obj</file>
         <name>DSP2803x_usDelay.obj</name>
      </input_file>
      <input_file id="fl-c">
         <path>.\</path>
         <kind>object</kind>
         <file>Example_2803xAdc_TempSensorConv.obj</file>
         <name>Example_2803xAdc_TempSensorConv.obj</name>
      </input_file>
      <input_file id="fl-13">
         <kind>object</kind>
         <file>&lt;internal&gt;</file>
         <name>&lt;internal&gt;</name>
      </input_file>
      <input_file id="fl-14">
         <path>..\csl\</path>
         <kind>archive</kind>
         <file>csl2803x_ml.lib</file>
         <name>csl_adc_t3_Pri.obj</name>
      </input_file>
      <input_file id="fl-15">
         <path>..\csl\</path>
         <kind>archive</kind>
         <file>csl2803x_ml.lib</file>
         <name>csl_c2000_Pri.obj</name>
      </input_file>
      <input_file id="fl-16">
         <path>..\csl\</path>
         <kind>archive</kind>
         <file>csl2803x_ml.lib</file>
         <name>csl_cla_t0_Pri.obj</name>
      </input_file>
      <input_file id="fl-17">
         <path>..\csl\</path>
         <kind>archive</kind>
         <file>csl2803x_ml.lib</file>
         <name>csl_cmp_t0_Pri.obj</name>
      </input_file>
      <input_file id="fl-18">
         <path>..\csl\</path>
         <kind>archive</kind>
         <file>csl2803x_ml.lib</file>
         <name>csl_cntrl_2p2z.obj</name>
      </input_file>
      <input_file id="fl-19">
         <path>..\csl\</path>
         <kind>archive</kind>
         <file>csl2803x_ml.lib</file>
         <name>csl_cntrl_Pri.obj</name>
      </input_file>
      <input_file id="fl-1a">
         <path>..\csl\</path>
         <kind>archive</kind>
         <file>csl2803x_ml.lib</file>
         <name>csl_codeStartBranch.obj</name>
      </input_file>
      <input_file id="fl-1b">
         <path>..\csl\</path>
         <kind>archive</kind>
         <file>csl2803x_ml.lib</file>
         <name>csl_err_Pri.obj</name>
      </input_file>
      <input_file id="fl-1c">
         <path>..\csl\</path>
         <kind>archive</kind>
         <file>csl2803x_ml.lib</file>
         <name>csl_gpio_t0_Pri.obj</name>
      </input_file>
      <input_file id="fl-1d">
         <path>..\csl\</path>
         <kind>archive</kind>
         <file>csl2803x_ml.lib</file>
         <name>csl_int_t0_Pri.obj</name>
      </input_file>
      <input_file id="fl-1e">
         <path>..\csl\</path>
         <kind>archive</kind>
         <file>csl2803x_ml.lib</file>
         <name>csl_pwm_t1_Pri.obj</name>
      </input_file>
      <input_file id="fl-1f">
         <path>..\csl\</path>
         <kind>archive</kind>
         <file>csl2803x_ml.lib</file>
         <name>csl_sys_c2803x_Pri.obj</name>
      </input_file>
      <input_file id="fl-20">
         <path>..\csl\</path>
         <kind>archive</kind>
         <file>csl2803x_ml.lib</file>
         <name>csl_wdg_t0_Pri.obj</name>
      </input_file>
      <input_file id="fl-21">
         <path>..\csl\</path>
         <kind>archive</kind>
         <file>csl2803x_ml.lib</file>
         <name>csl_cla.obj</name>
      </input_file>
      <input_file id="fl-22">
         <path>D:\TI\ccs100\ccs\tools\compiler\ti-cgt-c2000_20.2.4.LTS\lib\</path>
         <kind>archive</kind>
         <file>rts2800_ml.lib</file>
         <name>boot28.asm.obj</name>
      </input_file>
      <input_file id="fl-23">
         <path>D:\TI\ccs100\ccs\tools\compiler\ti-cgt-c2000_20.2.4.LTS\lib\</path>
         <kind>archive</kind>
         <file>rts2800_ml.lib</file>
         <name>fd_mpy28.asm.obj</name>
      </input_file>
      <input_file id="fl-24">
         <path>D:\TI\ccs100\ccs\tools\compiler\ti-cgt-c2000_20.2.4.LTS\lib\</path>
         <kind>archive</kind>
         <file>rts2800_ml.lib</file>
         <name>fd_tol28.asm.obj</name>
      </input_file>
      <input_file id="fl-25">
         <path>D:\TI\ccs100\ccs\tools\compiler\ti-cgt-c2000_20.2.4.LTS\lib\</path>
         <kind>archive</kind>
         <file>rts2800_ml.lib</file>
         <name>fs_add28.asm.obj</name>
      </input_file>
      <input_file id="fl-26">
         <path>D:\TI\ccs100\ccs\tools\compiler\ti-cgt-c2000_20.2.4.LTS\lib\</path>
         <kind>archive</kind>
         <file>rts2800_ml.lib</file>
         <name>fs_cmp28.asm.obj</name>
      </input_file>
      <input_file id="fl-27">
         <path>D:\TI\ccs100\ccs\tools\compiler\ti-cgt-c2000_20.2.4.LTS\lib\</path>
         <kind>archive</kind>
         <file>rts2800_ml.lib</file>
         <name>fs_mpy28.asm.obj</name>
      </input_file>
      <input_file id="fl-28">
         <path>D:\TI\ccs100\ccs\tools\compiler\ti-cgt-c2000_20.2.4.LTS\lib\</path>
         <kind>archive</kind>
         <file>rts2800_ml.lib</file>
         <name>fs_tol28.asm.obj</name>
      </input_file>
      <input_file id="fl-29">
         <path>D:\TI\ccs100\ccs\tools\compiler\ti-cgt-c2000_20.2.4.LTS\lib\</path>
         <kind>archive</kind>
         <file>rts2800_ml.lib</file>
         <name>fs_tou28.asm.obj</name>
      </input_file>
      <input_file id="fl-2a">
         <path>D:\TI\ccs100\ccs\tools\compiler\ti-cgt-c2000_20.2.4.LTS\lib\</path>
         <kind>archive</kind>
         <file>rts2800_ml.lib</file>
         <name>ll_aox28.asm.obj</name>
      </input_file>
      <input_file id="fl-2b">
         <path>D:\TI\ccs100\ccs\tools\compiler\ti-cgt-c2000_20.2.4.LTS\lib\</path>
         <kind>archive</kind>
         <file>rts2800_ml.lib</file>
         <name>ll_div28.asm.obj</name>
      </input_file>
      <input_file id="fl-2c">
         <path>D:\TI\ccs100\ccs\tools\compiler\ti-cgt-c2000_20.2.4.LTS\lib\</path>
         <kind>archive</kind>
         <file>rts2800_ml.lib</file>
         <name>ll_mpy28.asm.obj</name>
      </input_file>
      <input_file id="fl-2d">
         <path>D:\TI\ccs100\ccs\tools\compiler\ti-cgt-c2000_20.2.4.LTS\lib\</path>
         <kind>archive</kind>
         <file>rts2800_ml.lib</file>
         <name>i_tofs28.asm.obj</name>
      </input_file>
      <input_file id="fl-2e">
         <path>D:\TI\ccs100\ccs\tools\compiler\ti-cgt-c2000_20.2.4.LTS\lib\</path>
         <kind>archive</kind>
         <file>rts2800_ml.lib</file>
         <name>u_tofs28.asm.obj</name>
      </input_file>
      <input_file id="fl-2f">
         <path>D:\TI\ccs100\ccs\tools\compiler\ti-cgt-c2000_20.2.4.LTS\lib\</path>
         <kind>archive</kind>
         <file>rts2800_ml.lib</file>
         <name>fs_tofd28.asm.obj</name>
      </input_file>
      <input_file id="fl-30">
         <path>D:\TI\ccs100\ccs\tools\compiler\ti-cgt-c2000_20.2.4.LTS\lib\</path>
         <kind>archive</kind>
         <file>rts2800_ml.lib</file>
         <name>cpy_tbl.c.obj</name>
      </input_file>
      <input_file id="fl-31">
         <path>D:\TI\ccs100\ccs\tools\compiler\ti-cgt-c2000_20.2.4.LTS\lib\</path>
         <kind>archive</kind>
         <file>rts2800_ml.lib</file>
         <name>memcpy.c.obj</name>
      </input_file>
      <input_file id="fl-32">
         <path>D:\TI\ccs100\ccs\tools\compiler\ti-cgt-c2000_20.2.4.LTS\lib\</path>
         <kind>archive</kind>
         <file>rts2800_ml.lib</file>
         <name>pre_init.c.obj</name>
      </input_file>
      <input_file id="fl-33">
         <path>D:\TI\ccs100\ccs\tools\compiler\ti-cgt-c2000_20.2.4.LTS\lib\</path>
         <kind>archive</kind>
         <file>rts2800_ml.lib</file>
         <name>startup.c.obj</name>
      </input_file>
      <input_file id="fl-34">
         <path>D:\TI\ccs100\ccs\tools\compiler\ti-cgt-c2000_20.2.4.LTS\lib\</path>
         <kind>archive</kind>
         <file>rts2800_ml.lib</file>
         <name>exit.c.obj</name>
      </input_file>
      <input_file id="fl-35">
         <path>D:\TI\ccs100\ccs\tools\compiler\ti-cgt-c2000_20.2.4.LTS\lib\</path>
         <kind>archive</kind>
         <file>rts2800_ml.lib</file>
         <name>_lock.c.obj</name>
      </input_file>
      <input_file id="fl-36">
         <path>D:\TI\ccs100\ccs\tools\compiler\ti-cgt-c2000_20.2.4.LTS\lib\</path>
         <kind>archive</kind>
         <file>rts2800_ml.lib</file>
         <name>args_main.c.obj</name>
      </input_file>
      <input_file id="fl-37">
         <path>D:\TI\ccs100\ccs\tools\compiler\ti-cgt-c2000_20.2.4.LTS\lib\</path>
         <kind>archive</kind>
         <file>rts2800_ml.lib</file>
         <name>memset.c.obj</name>
      </input_file>
      <input_file id="fl-3b">
         <path>C:\TI\C2000Ware_3_04_00_00_Software\libraries\math\IQmath\c28\lib\</path>
         <kind>archive</kind>
         <file>IQmath_coff.lib</file>
         <name>IQ15toF.obj</name>
      </input_file>
   </input_file_list>
   <object_component_list>
      <object_component id="oc-91">
         <name>PieVectTableFile</name>
         <uninitialized>true</uninitialized>
         <run_address>0xd00</run_address>
         <size>0x100</size>
         <input_file_ref idref="fl-6"/>
      </object_component>
      <object_component id="oc-63">
         <name>EmuKeyVar</name>
         <uninitialized>true</uninitialized>
         <run_address>0xd00</run_address>
         <size>0x1</size>
         <input_file_ref idref="fl-6"/>
      </object_component>
      <object_component id="oc-64">
         <name>EmuBModeVar</name>
         <uninitialized>true</uninitialized>
         <run_address>0xd01</run_address>
         <size>0x1</size>
         <input_file_ref idref="fl-6"/>
      </object_component>
      <object_component id="oc-66">
         <name>FlashCallbackVar</name>
         <uninitialized>true</uninitialized>
         <run_address>0xd02</run_address>
         <size>0x2</size>
         <input_file_ref idref="fl-6"/>
      </object_component>
      <object_component id="oc-65">
         <name>FlashScalingVar</name>
         <uninitialized>true</uninitialized>
         <run_address>0xd04</run_address>
         <size>0x2</size>
         <input_file_ref idref="fl-6"/>
      </object_component>
      <object_component id="oc-68">
         <name>DevEmuRegsFile</name>
         <uninitialized>true</uninitialized>
         <run_address>0x880</run_address>
         <size>0x4</size>
         <input_file_ref idref="fl-6"/>
      </object_component>
      <object_component id="oc-67">
         <name>SysPwrCtrlRegsFile</name>
         <uninitialized>true</uninitialized>
         <run_address>0x985</run_address>
         <size>0x3</size>
         <input_file_ref idref="fl-6"/>
      </object_component>
      <object_component id="oc-6d">
         <name>FlashRegsFile</name>
         <uninitialized>true</uninitialized>
         <run_address>0xa80</run_address>
         <size>0x8</size>
         <input_file_ref idref="fl-6"/>
      </object_component>
      <object_component id="oc-6f">
         <name>CsmRegsFile</name>
         <uninitialized>true</uninitialized>
         <run_address>0xae0</run_address>
         <size>0x10</size>
         <input_file_ref idref="fl-6"/>
      </object_component>
      <object_component id="oc-79">
         <name>AdcResultFile</name>
         <uninitialized>true</uninitialized>
         <run_address>0xb00</run_address>
         <size>0x20</size>
         <input_file_ref idref="fl-6"/>
      </object_component>
      <object_component id="oc-69">
         <name>CpuTimer0RegsFile</name>
         <uninitialized>true</uninitialized>
         <run_address>0xc00</run_address>
         <size>0x8</size>
         <input_file_ref idref="fl-6"/>
      </object_component>
      <object_component id="oc-6a">
         <name>CpuTimer1RegsFile</name>
         <uninitialized>true</uninitialized>
         <run_address>0xc08</run_address>
         <size>0x8</size>
         <input_file_ref idref="fl-6"/>
      </object_component>
      <object_component id="oc-6b">
         <name>CpuTimer2RegsFile</name>
         <uninitialized>true</uninitialized>
         <run_address>0xc10</run_address>
         <size>0x8</size>
         <input_file_ref idref="fl-6"/>
      </object_component>
      <object_component id="oc-78">
         <name>PieCtrlRegsFile</name>
         <uninitialized>true</uninitialized>
         <run_address>0xce0</run_address>
         <size>0x1a</size>
         <input_file_ref idref="fl-6"/>
      </object_component>
      <object_component id="oc-84">
         <name>Cla1RegsFile</name>
         <uninitialized>true</uninitialized>
         <run_address>0x1400</run_address>
         <size>0x40</size>
         <input_file_ref idref="fl-6"/>
      </object_component>
      <object_component id="oc-80">
         <name>ECanaRegsFile</name>
         <uninitialized>true</uninitialized>
         <run_address>0x6000</run_address>
         <size>0x34</size>
         <input_file_ref idref="fl-6"/>
      </object_component>
      <object_component id="oc-81">
         <name>ECanaLAMRegsFile</name>
         <uninitialized>true</uninitialized>
         <run_address>0x6040</run_address>
         <size>0x40</size>
         <input_file_ref idref="fl-6"/>
      </object_component>
      <object_component id="oc-90">
         <name>ECanaMboxesFile</name>
         <uninitialized>true</uninitialized>
         <run_address>0x6100</run_address>
         <size>0x100</size>
         <input_file_ref idref="fl-6"/>
      </object_component>
      <object_component id="oc-82">
         <name>ECanaMOTSRegsFile</name>
         <uninitialized>true</uninitialized>
         <run_address>0x6080</run_address>
         <size>0x40</size>
         <input_file_ref idref="fl-6"/>
      </object_component>
      <object_component id="oc-83">
         <name>ECanaMOTORegsFile</name>
         <uninitialized>true</uninitialized>
         <run_address>0x60c0</run_address>
         <size>0x40</size>
         <input_file_ref idref="fl-6"/>
      </object_component>
      <object_component id="oc-7a">
         <name>ECap1RegsFile</name>
         <uninitialized>true</uninitialized>
         <run_address>0x6a00</run_address>
         <size>0x20</size>
         <input_file_ref idref="fl-6"/>
      </object_component>
      <object_component id="oc-7c">
         <name>HRCap1RegsFile</name>
         <uninitialized>true</uninitialized>
         <run_address>0x6ac0</run_address>
         <size>0x20</size>
         <input_file_ref idref="fl-6"/>
      </object_component>
      <object_component id="oc-7d">
         <name>HRCap2RegsFile</name>
         <uninitialized>true</uninitialized>
         <run_address>0x6ae0</run_address>
         <size>0x20</size>
         <input_file_ref idref="fl-6"/>
      </object_component>
      <object_component id="oc-8c">
         <name>EQep1RegsFile</name>
         <uninitialized>true</uninitialized>
         <run_address>0x6b00</run_address>
         <size>0x40</size>
         <input_file_ref idref="fl-6"/>
      </object_component>
      <object_component id="oc-8e">
         <name>LinaRegsFile</name>
         <uninitialized>true</uninitialized>
         <run_address>0x6c00</run_address>
         <size>0x4a</size>
         <input_file_ref idref="fl-6"/>
      </object_component>
      <object_component id="oc-8d">
         <name>GpioCtrlRegsFile</name>
         <uninitialized>true</uninitialized>
         <run_address>0x6f80</run_address>
         <size>0x40</size>
         <input_file_ref idref="fl-6"/>
      </object_component>
      <object_component id="oc-7b">
         <name>GpioDataRegsFile</name>
         <uninitialized>true</uninitialized>
         <run_address>0x6fc0</run_address>
         <size>0x20</size>
         <input_file_ref idref="fl-6"/>
      </object_component>
      <object_component id="oc-6e">
         <name>GpioIntRegsFile</name>
         <uninitialized>true</uninitialized>
         <run_address>0x6fe0</run_address>
         <size>0xc</size>
         <input_file_ref idref="fl-6"/>
      </object_component>
      <object_component id="oc-7e">
         <name>SysCtrlRegsFile</name>
         <uninitialized>true</uninitialized>
         <run_address>0x7010</run_address>
         <size>0x20</size>
         <input_file_ref idref="fl-6"/>
      </object_component>
      <object_component id="oc-72">
         <name>SpiaRegsFile</name>
         <uninitialized>true</uninitialized>
         <run_address>0x7040</run_address>
         <size>0x10</size>
         <input_file_ref idref="fl-6"/>
      </object_component>
      <object_component id="oc-73">
         <name>SpibRegsFile</name>
         <uninitialized>true</uninitialized>
         <run_address>0x7740</run_address>
         <size>0x10</size>
         <input_file_ref idref="fl-6"/>
      </object_component>
      <object_component id="oc-71">
         <name>SciaRegsFile</name>
         <uninitialized>true</uninitialized>
         <run_address>0x7050</run_address>
         <size>0x10</size>
         <input_file_ref idref="fl-6"/>
      </object_component>
      <object_component id="oc-70">
         <name>NmiIntruptRegsFile</name>
         <uninitialized>true</uninitialized>
         <run_address>0x7060</run_address>
         <size>0x10</size>
         <input_file_ref idref="fl-6"/>
      </object_component>
      <object_component id="oc-74">
         <name>XIntruptRegsFile</name>
         <uninitialized>true</uninitialized>
         <run_address>0x7070</run_address>
         <size>0x10</size>
         <input_file_ref idref="fl-6"/>
      </object_component>
      <object_component id="oc-8f">
         <name>AdcRegsFile</name>
         <uninitialized>true</uninitialized>
         <run_address>0x7100</run_address>
         <size>0x50</size>
         <input_file_ref idref="fl-6"/>
      </object_component>
      <object_component id="oc-7f">
         <name>I2caRegsFile</name>
         <uninitialized>true</uninitialized>
         <run_address>0x7900</run_address>
         <size>0x22</size>
         <input_file_ref idref="fl-6"/>
      </object_component>
      <object_component id="oc-75">
         <name>Comp1RegsFile</name>
         <uninitialized>true</uninitialized>
         <run_address>0x6400</run_address>
         <size>0x14</size>
         <input_file_ref idref="fl-6"/>
      </object_component>
      <object_component id="oc-76">
         <name>Comp2RegsFile</name>
         <uninitialized>true</uninitialized>
         <run_address>0x6420</run_address>
         <size>0x14</size>
         <input_file_ref idref="fl-6"/>
      </object_component>
      <object_component id="oc-77">
         <name>Comp3RegsFile</name>
         <uninitialized>true</uninitialized>
         <run_address>0x6440</run_address>
         <size>0x14</size>
         <input_file_ref idref="fl-6"/>
      </object_component>
      <object_component id="oc-85">
         <name>EPwm1RegsFile</name>
         <uninitialized>true</uninitialized>
         <run_address>0x6800</run_address>
         <size>0x40</size>
         <input_file_ref idref="fl-6"/>
      </object_component>
      <object_component id="oc-86">
         <name>EPwm2RegsFile</name>
         <uninitialized>true</uninitialized>
         <run_address>0x6840</run_address>
         <size>0x40</size>
         <input_file_ref idref="fl-6"/>
      </object_component>
      <object_component id="oc-87">
         <name>EPwm3RegsFile</name>
         <uninitialized>true</uninitialized>
         <run_address>0x6880</run_address>
         <size>0x40</size>
         <input_file_ref idref="fl-6"/>
      </object_component>
      <object_component id="oc-88">
         <name>EPwm4RegsFile</name>
         <uninitialized>true</uninitialized>
         <run_address>0x68c0</run_address>
         <size>0x40</size>
         <input_file_ref idref="fl-6"/>
      </object_component>
      <object_component id="oc-89">
         <name>EPwm5RegsFile</name>
         <uninitialized>true</uninitialized>
         <run_address>0x6900</run_address>
         <size>0x40</size>
         <input_file_ref idref="fl-6"/>
      </object_component>
      <object_component id="oc-8a">
         <name>EPwm6RegsFile</name>
         <uninitialized>true</uninitialized>
         <run_address>0x6940</run_address>
         <size>0x40</size>
         <input_file_ref idref="fl-6"/>
      </object_component>
      <object_component id="oc-8b">
         <name>EPwm7RegsFile</name>
         <uninitialized>true</uninitialized>
         <run_address>0x6980</run_address>
         <size>0x40</size>
         <input_file_ref idref="fl-6"/>
      </object_component>
      <object_component id="oc-6c">
         <name>CsmPwlFile</name>
         <uninitialized>true</uninitialized>
         <run_address>0x3f7ff8</run_address>
         <size>0x8</size>
         <input_file_ref idref="fl-6"/>
      </object_component>
      <object_component id="oc-62">
         <name>PartIdRegsFile</name>
         <uninitialized>true</uninitialized>
         <run_address>0x3d7e80</run_address>
         <size>0x1</size>
         <input_file_ref idref="fl-6"/>
      </object_component>
      <object_component id="oc-f9">
         <name>.stack</name>
         <uninitialized>true</uninitialized>
         <run_address>0x8afa</run_address>
         <size>0x0</size>
         <input_file_ref idref="fl-22"/>
      </object_component>
      <object_component id="oc-20a">
         <name>.stack</name>
         <uninitialized>true</uninitialized>
         <run_address>0x8afa</run_address>
         <size>0x0</size>
      </object_component>
      <object_component id="oc-56">
         <name>.ebss</name>
         <uninitialized>true</uninitialized>
         <run_address>0x8d40</run_address>
         <size>0x18</size>
         <input_file_ref idref="fl-4"/>
      </object_component>
      <object_component id="oc-ad">
         <name>.ebss</name>
         <uninitialized>true</uninitialized>
         <run_address>0x8d00</run_address>
         <size>0x2a</size>
         <input_file_ref idref="fl-c"/>
      </object_component>
      <object_component id="oc-b7">
         <name>.ebss</name>
         <uninitialized>true</uninitialized>
         <run_address>0x8d62</run_address>
         <size>0x1</size>
         <input_file_ref idref="fl-14"/>
      </object_component>
      <object_component id="oc-bc">
         <name>.ebss</name>
         <uninitialized>true</uninitialized>
         <run_address>0x8d60</run_address>
         <size>0x2</size>
         <input_file_ref idref="fl-15"/>
      </object_component>
      <object_component id="oc-d8">
         <name>.ebss</name>
         <uninitialized>true</uninitialized>
         <run_address>0x8d63</run_address>
         <size>0x1</size>
         <input_file_ref idref="fl-1b"/>
      </object_component>
      <object_component id="oc-de">
         <name>.ebss</name>
         <uninitialized>true</uninitialized>
         <run_address>0x8d38</run_address>
         <size>0x6</size>
         <input_file_ref idref="fl-1c"/>
      </object_component>
      <object_component id="oc-e8">
         <name>.ebss</name>
         <uninitialized>true</uninitialized>
         <run_address>0x8d2a</run_address>
         <size>0xe</size>
         <input_file_ref idref="fl-1e"/>
      </object_component>
      <object_component id="oc-156">
         <name>.ebss</name>
         <uninitialized>true</uninitialized>
         <run_address>0x8d58</run_address>
         <size>0x6</size>
         <input_file_ref idref="fl-34"/>
      </object_component>
      <object_component id="oc-178">
         <name>.ebss:__lock</name>
         <uninitialized>true</uninitialized>
         <run_address>0x8d3e</run_address>
         <size>0x2</size>
         <input_file_ref idref="fl-35"/>
      </object_component>
      <object_component id="oc-1a8">
         <name>.ebss:__unlock</name>
         <uninitialized>true</uninitialized>
         <run_address>0x8d5e</run_address>
         <size>0x2</size>
         <input_file_ref idref="fl-35"/>
      </object_component>
      <object_component id="oc-fa">
         <name>.reset</name>
         <load_address>0x3fffc0</load_address>
         <run_address>0x3fffc0</run_address>
         <size>0x2</size>
         <input_file_ref idref="fl-22"/>
      </object_component>
      <object_component id="oc-4a">
         <name>codestart</name>
         <load_address>0x0</load_address>
         <run_address>0x0</run_address>
         <size>0x2</size>
         <input_file_ref idref="fl-3"/>
      </object_component>
      <object_component id="oc-d2">
         <name>codestart</name>
         <load_address>0x2</load_address>
         <run_address>0x2</run_address>
         <size>0x2</size>
         <input_file_ref idref="fl-1a"/>
      </object_component>
      <object_component id="oc-197">
         <name>ramfuncs:_SYS_initFlash</name>
         <load_address>0x3e8000</load_address>
         <run_address>0x3e8000</run_address>
         <size>0x1b</size>
         <input_file_ref idref="fl-15"/>
      </object_component>
      <object_component id="oc-a7">
         <name>ramfuncs</name>
         <load_address>0x3e801b</load_address>
         <run_address>0x3e801b</run_address>
         <size>0x4</size>
         <input_file_ref idref="fl-b"/>
      </object_component>
      <object_component id="oc-198">
         <name>dummyramfuncs:_SYS_dummyRamFuncs</name>
         <load_address>0x253</load_address>
         <run_address>0x252</run_address>
         <size>0x1</size>
         <input_file_ref idref="fl-15"/>
      </object_component>
      <object_component id="oc-e7">
         <name>.cinit</name>
         <load_address>0x8d64</load_address>
         <run_address>0x8d64</run_address>
         <size>0x19</size>
         <input_file_ref idref="fl-1e"/>
      </object_component>
      <object_component id="oc-155">
         <name>.cinit</name>
         <load_address>0x8d7d</load_address>
         <run_address>0x8d7d</run_address>
         <size>0xe</size>
         <input_file_ref idref="fl-34"/>
      </object_component>
      <object_component id="oc-dd">
         <name>.cinit</name>
         <load_address>0x8d8b</load_address>
         <run_address>0x8d8b</run_address>
         <size>0xb</size>
         <input_file_ref idref="fl-1c"/>
      </object_component>
      <object_component id="oc-179">
         <name>.cinit:__lock</name>
         <load_address>0x8d96</load_address>
         <run_address>0x8d96</run_address>
         <size>0x5</size>
         <input_file_ref idref="fl-35"/>
      </object_component>
      <object_component id="oc-190">
         <name>.cinit:__unlock</name>
         <load_address>0x8d9b</load_address>
         <run_address>0x8d9b</run_address>
         <size>0x5</size>
         <input_file_ref idref="fl-35"/>
      </object_component>
      <object_component id="oc-b6">
         <name>.cinit</name>
         <load_address>0x8da0</load_address>
         <run_address>0x8da0</run_address>
         <size>0x4</size>
         <input_file_ref idref="fl-14"/>
      </object_component>
      <object_component id="oc-d7">
         <name>.cinit</name>
         <load_address>0x8da4</load_address>
         <run_address>0x8da4</run_address>
         <size>0x4</size>
         <input_file_ref idref="fl-1b"/>
      </object_component>
      <object_component id="oc-5c">
         <name>.text:retain</name>
         <load_address>0x254</load_address>
         <run_address>0x254</run_address>
         <size>0x17c</size>
         <input_file_ref idref="fl-5"/>
      </object_component>
      <object_component id="oc-1a0">
         <name>.text:_PWM_configClocks</name>
         <load_address>0x3d0</load_address>
         <run_address>0x3d0</run_address>
         <size>0x111</size>
         <input_file_ref idref="fl-1e"/>
      </object_component>
      <object_component id="oc-127">
         <name>.text</name>
         <load_address>0x4e1</load_address>
         <run_address>0x4e1</run_address>
         <size>0x107</size>
         <input_file_ref idref="fl-2b"/>
      </object_component>
      <object_component id="oc-184">
         <name>.text:_PWM_configBlanking</name>
         <load_address>0x5e8</load_address>
         <run_address>0x5e8</run_address>
         <size>0xde</size>
         <input_file_ref idref="fl-1e"/>
      </object_component>
      <object_component id="oc-177">
         <name>.text</name>
         <load_address>0x6c6</load_address>
         <run_address>0x6c6</run_address>
         <size>0xc7</size>
         <input_file_ref idref="fl-c"/>
      </object_component>
      <object_component id="oc-188">
         <name>.text:_ADC_config</name>
         <load_address>0x78d</load_address>
         <run_address>0x78d</run_address>
         <size>0x5c</size>
         <input_file_ref idref="fl-14"/>
      </object_component>
      <object_component id="oc-18c">
         <name>.text:_CMP_pin</name>
         <load_address>0x7e9</load_address>
         <run_address>0x7e9</run_address>
         <size>0x17</size>
         <input_file_ref idref="fl-17"/>
      </object_component>
      <object_component id="oc-181">
         <name>.text:_PWM_pin</name>
         <load_address>0x8000</load_address>
         <run_address>0x8000</run_address>
         <size>0x96</size>
         <input_file_ref idref="fl-1e"/>
      </object_component>
      <object_component id="oc-19e">
         <name>.text:_GPIO_reConfig</name>
         <load_address>0x8096</load_address>
         <run_address>0x8096</run_address>
         <size>0x8d</size>
         <input_file_ref idref="fl-1c"/>
      </object_component>
      <object_component id="oc-ff">
         <name>.text</name>
         <load_address>0x8123</load_address>
         <run_address>0x8123</run_address>
         <size>0x83</size>
         <input_file_ref idref="fl-23"/>
      </object_component>
      <object_component id="oc-109">
         <name>.text</name>
         <load_address>0x81a6</load_address>
         <run_address>0x81a6</run_address>
         <size>0x78</size>
         <input_file_ref idref="fl-25"/>
      </object_component>
      <object_component id="oc-113">
         <name>.text</name>
         <load_address>0x821e</load_address>
         <run_address>0x821e</run_address>
         <size>0x5a</size>
         <input_file_ref idref="fl-27"/>
      </object_component>
      <object_component id="oc-18a">
         <name>.text:_CNTRL_2p2zInit</name>
         <load_address>0x8278</load_address>
         <run_address>0x8278</run_address>
         <size>0x59</size>
         <input_file_ref idref="fl-19"/>
      </object_component>
      <object_component id="oc-f8">
         <name>.text</name>
         <load_address>0x82d1</load_address>
         <run_address>0x82d1</run_address>
         <size>0x54</size>
         <input_file_ref idref="fl-22"/>
      </object_component>
      <object_component id="oc-189">
         <name>.text:_ADC_setCallback</name>
         <load_address>0x8325</load_address>
         <run_address>0x8325</run_address>
         <size>0x4b</size>
         <input_file_ref idref="fl-14"/>
      </object_component>
      <object_component id="oc-18b">
         <name>.text:_CMP_config</name>
         <load_address>0x8370</load_address>
         <run_address>0x8370</run_address>
         <size>0x44</size>
         <input_file_ref idref="fl-17"/>
      </object_component>
      <object_component id="oc-1a7">
         <name>.text:_SYS_checkResource</name>
         <load_address>0x83b4</load_address>
         <run_address>0x83b4</run_address>
         <size>0x41</size>
         <input_file_ref idref="fl-15"/>
      </object_component>
      <object_component id="oc-186">
         <name>.text:_PWM_setTripZone</name>
         <load_address>0x83f5</load_address>
         <run_address>0x83f5</run_address>
         <size>0x40</size>
         <input_file_ref idref="fl-1e"/>
      </object_component>
      <object_component id="oc-18d">
         <name>.text:_CNTRL_2p2zSoftStartConfig</name>
         <load_address>0x8435</load_address>
         <run_address>0x8435</run_address>
         <size>0x3c</size>
         <input_file_ref idref="fl-19"/>
      </object_component>
      <object_component id="oc-182">
         <name>.text:_PWM_setAdcSoc</name>
         <load_address>0x8471</load_address>
         <run_address>0x8471</run_address>
         <size>0x3a</size>
         <input_file_ref idref="fl-1e"/>
      </object_component>
      <object_component id="oc-191">
         <name>.text:_WDG_config</name>
         <load_address>0x84ab</load_address>
         <run_address>0x84ab</run_address>
         <size>0x3a</size>
         <input_file_ref idref="fl-20"/>
      </object_component>
      <object_component id="oc-af">
         <name>.text:retain</name>
         <load_address>0x84e5</load_address>
         <run_address>0x84e5</run_address>
         <size>0x37</size>
         <input_file_ref idref="fl-c"/>
      </object_component>
      <object_component id="oc-19d">
         <name>.text:_GPIO_acquire</name>
         <load_address>0x851c</load_address>
         <run_address>0x851c</run_address>
         <size>0x36</size>
         <input_file_ref idref="fl-1c"/>
      </object_component>
      <object_component id="oc-17f">
         <name>.text:_CLA_config</name>
         <load_address>0x8552</load_address>
         <run_address>0x8552</run_address>
         <size>0x35</size>
         <input_file_ref idref="fl-16"/>
      </object_component>
      <object_component id="oc-19b">
         <name>.text:_SYS_initPhaseLockedLoop</name>
         <load_address>0x8587</load_address>
         <run_address>0x8587</run_address>
         <size>0x33</size>
         <input_file_ref idref="fl-15"/>
      </object_component>
      <object_component id="oc-1aa">
         <name>.text:_CLA_init</name>
         <load_address>0x85ba</load_address>
         <run_address>0x85ba</run_address>
         <size>0x32</size>
         <input_file_ref idref="fl-16"/>
      </object_component>
      <object_component id="oc-183">
         <name>.text:_PWM_setCallback</name>
         <load_address>0x85ec</load_address>
         <run_address>0x85ec</run_address>
         <size>0x32</size>
         <input_file_ref idref="fl-1e"/>
      </object_component>
      <object_component id="oc-17b">
         <name>.text:_SYS_configClk</name>
         <load_address>0x861e</load_address>
         <run_address>0x861e</run_address>
         <size>0x31</size>
         <input_file_ref idref="fl-1f"/>
      </object_component>
      <object_component id="oc-c9">
         <name>.text</name>
         <load_address>0x864f</load_address>
         <run_address>0x864f</run_address>
         <size>0x2d</size>
         <input_file_ref idref="fl-18"/>
      </object_component>
      <object_component id="oc-17d">
         <name>.text:_ADC_init</name>
         <load_address>0x867c</load_address>
         <run_address>0x867c</run_address>
         <size>0x2a</size>
         <input_file_ref idref="fl-14"/>
      </object_component>
      <object_component id="oc-1b0">
         <name>.text:_INT_enablePieIndex</name>
         <load_address>0x86a6</load_address>
         <run_address>0x86a6</run_address>
         <size>0x2a</size>
         <input_file_ref idref="fl-1d"/>
      </object_component>
      <object_component id="oc-175">
         <name>.text</name>
         <load_address>0x86d0</load_address>
         <run_address>0x86d0</run_address>
         <size>0x29</size>
         <input_file_ref idref="fl-34"/>
      </object_component>
      <object_component id="oc-118">
         <name>.text</name>
         <load_address>0x86f9</load_address>
         <run_address>0x86f9</run_address>
         <size>0x29</size>
         <input_file_ref idref="fl-28"/>
      </object_component>
      <object_component id="oc-17a">
         <name>.text:_SYS_initFunc</name>
         <load_address>0x8722</load_address>
         <run_address>0x8722</run_address>
         <size>0x25</size>
         <input_file_ref idref="fl-15"/>
      </object_component>
      <object_component id="oc-172">
         <name>.text</name>
         <load_address>0x8747</load_address>
         <run_address>0x8747</run_address>
         <size>0x24</size>
         <input_file_ref idref="fl-30"/>
      </object_component>
      <object_component id="oc-19c">
         <name>.text:_ADC_setExternalRefernce</name>
         <load_address>0x876b</load_address>
         <run_address>0x876b</run_address>
         <size>0x20</size>
         <input_file_ref idref="fl-14"/>
      </object_component>
      <object_component id="oc-170">
         <name>.text:_CNTRL_2p2zSoftStartUpdate</name>
         <load_address>0x878b</load_address>
         <run_address>0x878b</run_address>
         <size>0x20</size>
         <input_file_ref idref="fl-19"/>
      </object_component>
      <object_component id="oc-104">
         <name>.text</name>
         <load_address>0x87ab</load_address>
         <run_address>0x87ab</run_address>
         <size>0x1f</size>
         <input_file_ref idref="fl-24"/>
      </object_component>
      <object_component id="oc-1b4">
         <name>.text:_CLA_memSet</name>
         <load_address>0x87ca</load_address>
         <run_address>0x87ca</run_address>
         <size>0x1e</size>
         <input_file_ref idref="fl-16"/>
      </object_component>
      <object_component id="oc-1ae">
         <name>.text:_GPIO_checkPin</name>
         <load_address>0x87e8</load_address>
         <run_address>0x87e8</run_address>
         <size>0x1e</size>
         <input_file_ref idref="fl-1c"/>
      </object_component>
      <object_component id="oc-1ab">
         <name>.text:_INT_initPie</name>
         <load_address>0x8806</load_address>
         <run_address>0x8806</run_address>
         <size>0x1e</size>
         <input_file_ref idref="fl-1d"/>
      </object_component>
      <object_component id="oc-187">
         <name>.text:_PWM_setTripState</name>
         <load_address>0x8824</load_address>
         <run_address>0x8824</run_address>
         <size>0x1d</size>
         <input_file_ref idref="fl-1e"/>
      </object_component>
      <object_component id="oc-11d">
         <name>.text</name>
         <load_address>0x8841</load_address>
         <run_address>0x8841</run_address>
         <size>0x1d</size>
         <input_file_ref idref="fl-29"/>
      </object_component>
      <object_component id="oc-176">
         <name>.text</name>
         <load_address>0x885e</load_address>
         <run_address>0x885e</run_address>
         <size>0x1d</size>
         <input_file_ref idref="fl-31"/>
      </object_component>
      <object_component id="oc-1ac">
         <name>.text:_INT_initVectors</name>
         <load_address>0x887b</load_address>
         <run_address>0x887b</run_address>
         <size>0x1c</size>
         <input_file_ref idref="fl-1d"/>
      </object_component>
      <object_component id="oc-13b">
         <name>.text</name>
         <load_address>0x8897</load_address>
         <run_address>0x8897</run_address>
         <size>0x1c</size>
         <input_file_ref idref="fl-2f"/>
      </object_component>
      <object_component id="oc-131">
         <name>.text</name>
         <load_address>0x88b3</load_address>
         <run_address>0x88b3</run_address>
         <size>0x1a</size>
         <input_file_ref idref="fl-2d"/>
      </object_component>
      <object_component id="oc-193">
         <name>.text:_SYS_setTideMarker</name>
         <load_address>0x88cd</load_address>
         <run_address>0x88cd</run_address>
         <size>0x18</size>
         <input_file_ref idref="fl-15"/>
      </object_component>
      <object_component id="oc-1af">
         <name>.text:_pwmSync</name>
         <load_address>0x88e5</load_address>
         <run_address>0x88e5</run_address>
         <size>0x18</size>
         <input_file_ref idref="fl-1e"/>
      </object_component>
      <object_component id="oc-122">
         <name>.text</name>
         <load_address>0x88fd</load_address>
         <run_address>0x88fd</run_address>
         <size>0x18</size>
         <input_file_ref idref="fl-2a"/>
      </object_component>
      <object_component id="oc-1b1">
         <name>.text:_INT_enablePieGroup</name>
         <load_address>0x8915</load_address>
         <run_address>0x8915</run_address>
         <size>0x17</size>
         <input_file_ref idref="fl-1d"/>
      </object_component>
      <object_component id="oc-10e">
         <name>.text</name>
         <load_address>0x892c</load_address>
         <run_address>0x892c</run_address>
         <size>0x17</size>
         <input_file_ref idref="fl-26"/>
      </object_component>
      <object_component id="oc-194">
         <name>.text:_CslMemCopy</name>
         <load_address>0x8943</load_address>
         <run_address>0x8943</run_address>
         <size>0x15</size>
         <input_file_ref idref="fl-15"/>
      </object_component>
      <object_component id="oc-1b5">
         <name>.text:_INT_defaultIsr</name>
         <load_address>0x8958</load_address>
         <run_address>0x8958</run_address>
         <size>0x15</size>
         <input_file_ref idref="fl-1d"/>
      </object_component>
      <object_component id="oc-1b3">
         <name>.text:_MemCopy</name>
         <load_address>0x896d</load_address>
         <run_address>0x896d</run_address>
         <size>0x15</size>
         <input_file_ref idref="fl-16"/>
      </object_component>
      <object_component id="oc-1a9">
         <name>.text:_WDG_defaultIsr</name>
         <load_address>0x8982</load_address>
         <run_address>0x8982</run_address>
         <size>0x15</size>
         <input_file_ref idref="fl-20"/>
      </object_component>
      <object_component id="oc-195">
         <name>.text:_SYS_initFuncLocal</name>
         <load_address>0x8997</load_address>
         <run_address>0x8997</run_address>
         <size>0x14</size>
         <input_file_ref idref="fl-1f"/>
      </object_component>
      <object_component id="oc-12c">
         <name>.text</name>
         <load_address>0x89ab</load_address>
         <run_address>0x89ab</run_address>
         <size>0x14</size>
         <input_file_ref idref="fl-2c"/>
      </object_component>
      <object_component id="oc-19a">
         <name>.text:_GPIO_initPro</name>
         <load_address>0x89bf</load_address>
         <run_address>0x89bf</run_address>
         <size>0x11</size>
         <input_file_ref idref="fl-1c"/>
      </object_component>
      <object_component id="oc-1a3">
         <name>.text:_INT_setCallback</name>
         <load_address>0x89d0</load_address>
         <run_address>0x89d0</run_address>
         <size>0x11</size>
         <input_file_ref idref="fl-1d"/>
      </object_component>
      <object_component id="oc-174">
         <name>.text</name>
         <load_address>0x89e1</load_address>
         <run_address>0x89e1</run_address>
         <size>0x11</size>
         <input_file_ref idref="fl-36"/>
      </object_component>
      <object_component id="oc-199">
         <name>.text:_INT_initPro</name>
         <load_address>0x89f2</load_address>
         <run_address>0x89f2</run_address>
         <size>0x10</size>
         <input_file_ref idref="fl-1d"/>
      </object_component>
      <object_component id="oc-180">
         <name>.text:_PWM_config</name>
         <load_address>0x8a02</load_address>
         <run_address>0x8a02</run_address>
         <size>0x10</size>
         <input_file_ref idref="fl-1e"/>
      </object_component>
      <object_component id="oc-136">
         <name>.text</name>
         <load_address>0x8a12</load_address>
         <run_address>0x8a12</run_address>
         <size>0x10</size>
         <input_file_ref idref="fl-2e"/>
      </object_component>
      <object_component id="oc-17e">
         <name>.text:_GPIO_config</name>
         <load_address>0x8a22</load_address>
         <run_address>0x8a22</run_address>
         <size>0xf</size>
         <input_file_ref idref="fl-1c"/>
      </object_component>
      <object_component id="oc-17c">
         <name>.text:_SYS_setPerhiperalClk</name>
         <load_address>0x8a31</load_address>
         <run_address>0x8a31</run_address>
         <size>0xf</size>
         <input_file_ref idref="fl-1f"/>
      </object_component>
      <object_component id="oc-1a1">
         <name>.text:_GPIO_setMux</name>
         <load_address>0x8a40</load_address>
         <run_address>0x8a40</run_address>
         <size>0xe</size>
         <input_file_ref idref="fl-1c"/>
      </object_component>
      <object_component id="oc-192">
         <name>.text:_SYS_initStack</name>
         <load_address>0x8a4e</load_address>
         <run_address>0x8a4e</run_address>
         <size>0xe</size>
         <input_file_ref idref="fl-15"/>
      </object_component>
      <object_component id="oc-1b8">
         <name>.text:_CLA_isRunning</name>
         <load_address>0x8a5c</load_address>
         <run_address>0x8a5c</run_address>
         <size>0xd</size>
         <input_file_ref idref="fl-16"/>
      </object_component>
      <object_component id="oc-1b7">
         <name>.text:_CLA_softwareStart</name>
         <load_address>0x8a69</load_address>
         <run_address>0x8a69</run_address>
         <size>0xd</size>
         <input_file_ref idref="fl-16"/>
      </object_component>
      <object_component id="oc-1a4">
         <name>.text:_INT_enablePieId</name>
         <load_address>0x8a76</load_address>
         <run_address>0x8a76</run_address>
         <size>0xc</size>
         <input_file_ref idref="fl-1d"/>
      </object_component>
      <object_component id="oc-1b6">
         <name>.text:_CLA_softwareStartWait</name>
         <load_address>0x8a82</load_address>
         <run_address>0x8a82</run_address>
         <size>0xb</size>
         <input_file_ref idref="fl-16"/>
      </object_component>
      <object_component id="oc-19f">
         <name>.text:_CLA_getVectorPtr</name>
         <load_address>0x8a8d</load_address>
         <run_address>0x8a8d</run_address>
         <size>0xa</size>
         <input_file_ref idref="fl-16"/>
      </object_component>
      <object_component id="oc-18e">
         <name>.text:_INT_enableGlobal</name>
         <load_address>0x8a97</load_address>
         <run_address>0x8a97</run_address>
         <size>0xa</size>
         <input_file_ref idref="fl-1d"/>
      </object_component>
      <object_component id="oc-196">
         <name>.text:_SYS_initPeripheralClocks</name>
         <load_address>0x8aa1</load_address>
         <run_address>0x8aa1</run_address>
         <size>0xa</size>
         <input_file_ref idref="fl-15"/>
      </object_component>
      <object_component id="oc-1ad">
         <name>.text:_WDG_kick</name>
         <load_address>0x8aab</load_address>
         <run_address>0x8aab</run_address>
         <size>0xa</size>
         <input_file_ref idref="fl-20"/>
      </object_component>
      <object_component id="oc-1a2">
         <name>.text:_ERR_assertFunc</name>
         <load_address>0x8ab5</load_address>
         <run_address>0x8ab5</run_address>
         <size>0x9</size>
         <input_file_ref idref="fl-1b"/>
      </object_component>
      <object_component id="oc-185">
         <name>.text:_PWM_setBlankingWindow</name>
         <load_address>0x8abe</load_address>
         <run_address>0x8abe</run_address>
         <size>0x9</size>
         <input_file_ref idref="fl-1e"/>
      </object_component>
      <object_component id="oc-18f">
         <name>.text</name>
         <load_address>0x8ac7</load_address>
         <run_address>0x8ac7</run_address>
         <size>0x9</size>
         <input_file_ref idref="fl-35"/>
      </object_component>
      <object_component id="oc-50">
         <name>.text</name>
         <load_address>0x8ad0</load_address>
         <run_address>0x8ad0</run_address>
         <size>0x8</size>
         <input_file_ref idref="fl-3"/>
      </object_component>
      <object_component id="oc-16f">
         <name>.text:_CMP_setDac</name>
         <load_address>0x8ad8</load_address>
         <run_address>0x8ad8</run_address>
         <size>0x8</size>
         <input_file_ref idref="fl-17"/>
      </object_component>
      <object_component id="oc-d1">
         <name>.text</name>
         <load_address>0x8ae0</load_address>
         <run_address>0x8ae0</run_address>
         <size>0x8</size>
         <input_file_ref idref="fl-1a"/>
      </object_component>
      <object_component id="oc-1a5">
         <name>.text:_ERR_exceptFunc</name>
         <load_address>0x8ae8</load_address>
         <run_address>0x8ae8</run_address>
         <size>0x7</size>
         <input_file_ref idref="fl-1b"/>
      </object_component>
      <object_component id="oc-1a6">
         <name>.text</name>
         <load_address>0x8aef</load_address>
         <run_address>0x8aef</run_address>
         <size>0x7</size>
         <input_file_ref idref="fl-37"/>
      </object_component>
      <object_component id="oc-171">
         <name>.text</name>
         <load_address>0x8af6</load_address>
         <run_address>0x8af6</run_address>
         <size>0x2</size>
         <input_file_ref idref="fl-32"/>
      </object_component>
      <object_component id="oc-173">
         <name>.text</name>
         <load_address>0x8af8</load_address>
         <run_address>0x8af8</run_address>
         <size>0x1</size>
         <input_file_ref idref="fl-33"/>
      </object_component>
      <object_component id="oc-1b2">
         <name>.econst:_SysModules</name>
         <load_address>0x8daa</load_address>
         <run_address>0x8daa</run_address>
         <size>0x1a</size>
         <input_file_ref idref="fl-1f"/>
      </object_component>
      <object_component id="oc-b0">
         <name>.econst</name>
         <load_address>0x8dc4</load_address>
         <run_address>0x8dc4</run_address>
         <size>0x4</size>
         <input_file_ref idref="fl-c"/>
      </object_component>
      <object_component id="oc-16a">
         <name>IQmath</name>
         <load_address>0x8dc8</load_address>
         <run_address>0x8dc8</run_address>
         <size>0x14</size>
         <input_file_ref idref="fl-3b"/>
      </object_component>
      <object_component id="oc-ae">
         <name>Cla1Prog</name>
         <load_address>0x50</load_address>
         <run_address>0x9000</run_address>
         <size>0x1f0</size>
         <input_file_ref idref="fl-c"/>
      </object_component>
      <object_component id="oc-f4">
         <name>Cla1Prog</name>
         <load_address>0x240</load_address>
         <run_address>0x91f0</run_address>
         <size>0x12</size>
         <input_file_ref idref="fl-21"/>
      </object_component>
      <object_component id="oc-c1">
         <name>CpuToCla1MsgRAM</name>
         <uninitialized>true</uninitialized>
         <run_address>0x1500</run_address>
         <size>0x4</size>
         <input_file_ref idref="fl-16"/>
      </object_component>
      <object_component id="oc-4b">
         <name>.debug_info</name>
         <load_address>0x0</load_address>
         <run_address>0x0</run_address>
         <size>0x4089</size>
         <input_file_ref idref="fl-2"/>
      </object_component>
      <object_component id="oc-52">
         <name>.debug_info</name>
         <load_address>0x4089</load_address>
         <run_address>0x4089</run_address>
         <size>0x222</size>
         <input_file_ref idref="fl-3"/>
      </object_component>
      <object_component id="oc-55">
         <name>.debug_info</name>
         <load_address>0x42ab</load_address>
         <run_address>0x42ab</run_address>
         <size>0x811</size>
         <input_file_ref idref="fl-4"/>
      </object_component>
      <object_component id="oc-5b">
         <name>.debug_info</name>
         <load_address>0x4abc</load_address>
         <run_address>0x4abc</run_address>
         <size>0x4806</size>
         <input_file_ref idref="fl-5"/>
      </object_component>
      <object_component id="oc-61">
         <name>.debug_info</name>
         <load_address>0x92c2</load_address>
         <run_address>0x92c2</run_address>
         <size>0x14039</size>
         <input_file_ref idref="fl-6"/>
      </object_component>
      <object_component id="oc-93">
         <name>.debug_info</name>
         <load_address>0x1d2fb</load_address>
         <run_address>0x1d2fb</run_address>
         <size>0xa51</size>
         <input_file_ref idref="fl-7"/>
      </object_component>
      <object_component id="oc-98">
         <name>.debug_info</name>
         <load_address>0x1dd4c</load_address>
         <run_address>0x1dd4c</run_address>
         <size>0x21aa</size>
         <input_file_ref idref="fl-8"/>
      </object_component>
      <object_component id="oc-9d">
         <name>.debug_info</name>
         <load_address>0x1fef6</load_address>
         <run_address>0x1fef6</run_address>
         <size>0x1b7b</size>
         <input_file_ref idref="fl-9"/>
      </object_component>
      <object_component id="oc-a2">
         <name>.debug_info</name>
         <load_address>0x21a71</load_address>
         <run_address>0x21a71</run_address>
         <size>0x34c</size>
         <input_file_ref idref="fl-a"/>
      </object_component>
      <object_component id="oc-a9">
         <name>.debug_info</name>
         <load_address>0x21dbd</load_address>
         <run_address>0x21dbd</run_address>
         <size>0x1a6</size>
         <input_file_ref idref="fl-b"/>
      </object_component>
      <object_component id="oc-ac">
         <name>.debug_info</name>
         <load_address>0x21f63</load_address>
         <run_address>0x21f63</run_address>
         <size>0x7060</size>
         <input_file_ref idref="fl-c"/>
      </object_component>
      <object_component id="oc-b5">
         <name>.debug_info</name>
         <load_address>0x28fc3</load_address>
         <run_address>0x28fc3</run_address>
         <size>0x196d2</size>
         <input_file_ref idref="fl-14"/>
      </object_component>
      <object_component id="oc-bb">
         <name>.debug_info</name>
         <load_address>0x42695</load_address>
         <run_address>0x42695</run_address>
         <size>0x19c28</size>
         <input_file_ref idref="fl-15"/>
      </object_component>
      <object_component id="oc-c0">
         <name>.debug_info</name>
         <load_address>0x5c2bd</load_address>
         <run_address>0x5c2bd</run_address>
         <size>0x19a57</size>
         <input_file_ref idref="fl-16"/>
      </object_component>
      <object_component id="oc-c5">
         <name>.debug_info</name>
         <load_address>0x75d14</load_address>
         <run_address>0x75d14</run_address>
         <size>0x1947a</size>
         <input_file_ref idref="fl-17"/>
      </object_component>
      <object_component id="oc-ca">
         <name>.debug_info</name>
         <load_address>0x8f18e</load_address>
         <run_address>0x8f18e</run_address>
         <size>0x104</size>
         <input_file_ref idref="fl-18"/>
      </object_component>
      <object_component id="oc-cd">
         <name>.debug_info</name>
         <load_address>0x8f292</load_address>
         <run_address>0x8f292</run_address>
         <size>0x19486</size>
         <input_file_ref idref="fl-19"/>
      </object_component>
      <object_component id="oc-d3">
         <name>.debug_info</name>
         <load_address>0xa8718</load_address>
         <run_address>0xa8718</run_address>
         <size>0x134</size>
         <input_file_ref idref="fl-1a"/>
      </object_component>
      <object_component id="oc-d6">
         <name>.debug_info</name>
         <load_address>0xa884c</load_address>
         <run_address>0xa884c</run_address>
         <size>0x8a1</size>
         <input_file_ref idref="fl-1b"/>
      </object_component>
      <object_component id="oc-dc">
         <name>.debug_info</name>
         <load_address>0xa90ed</load_address>
         <run_address>0xa90ed</run_address>
         <size>0x1983f</size>
         <input_file_ref idref="fl-1c"/>
      </object_component>
      <object_component id="oc-e2">
         <name>.debug_info</name>
         <load_address>0xc292c</load_address>
         <run_address>0xc292c</run_address>
         <size>0x1986b</size>
         <input_file_ref idref="fl-1d"/>
      </object_component>
      <object_component id="oc-e6">
         <name>.debug_info</name>
         <load_address>0xdc197</load_address>
         <run_address>0xdc197</run_address>
         <size>0x1a07f</size>
         <input_file_ref idref="fl-1e"/>
      </object_component>
      <object_component id="oc-ec">
         <name>.debug_info</name>
         <load_address>0xf6216</load_address>
         <run_address>0xf6216</run_address>
         <size>0x1949d</size>
         <input_file_ref idref="fl-1f"/>
      </object_component>
      <object_component id="oc-f0">
         <name>.debug_info</name>
         <load_address>0x10f6b3</load_address>
         <run_address>0x10f6b3</run_address>
         <size>0x193ea</size>
         <input_file_ref idref="fl-20"/>
      </object_component>
      <object_component id="oc-f5">
         <name>.debug_info</name>
         <load_address>0x128a9d</load_address>
         <run_address>0x128a9d</run_address>
         <size>0xf0</size>
         <input_file_ref idref="fl-21"/>
      </object_component>
      <object_component id="oc-fb">
         <name>.debug_info</name>
         <load_address>0x128b8d</load_address>
         <run_address>0x128b8d</run_address>
         <size>0x173</size>
         <input_file_ref idref="fl-22"/>
      </object_component>
      <object_component id="oc-100">
         <name>.debug_info</name>
         <load_address>0x128d00</load_address>
         <run_address>0x128d00</run_address>
         <size>0x114</size>
         <input_file_ref idref="fl-23"/>
      </object_component>
      <object_component id="oc-105">
         <name>.debug_info</name>
         <load_address>0x128e14</load_address>
         <run_address>0x128e14</run_address>
         <size>0x114</size>
         <input_file_ref idref="fl-24"/>
      </object_component>
      <object_component id="oc-10a">
         <name>.debug_info</name>
         <load_address>0x128f28</load_address>
         <run_address>0x128f28</run_address>
         <size>0x114</size>
         <input_file_ref idref="fl-25"/>
      </object_component>
      <object_component id="oc-10f">
         <name>.debug_info</name>
         <load_address>0x12903c</load_address>
         <run_address>0x12903c</run_address>
         <size>0x114</size>
         <input_file_ref idref="fl-26"/>
      </object_component>
      <object_component id="oc-114">
         <name>.debug_info</name>
         <load_address>0x129150</load_address>
         <run_address>0x129150</run_address>
         <size>0x114</size>
         <input_file_ref idref="fl-27"/>
      </object_component>
      <object_component id="oc-119">
         <name>.debug_info</name>
         <load_address>0x129264</load_address>
         <run_address>0x129264</run_address>
         <size>0x120</size>
         <input_file_ref idref="fl-28"/>
      </object_component>
      <object_component id="oc-11e">
         <name>.debug_info</name>
         <load_address>0x129384</load_address>
         <run_address>0x129384</run_address>
         <size>0x120</size>
         <input_file_ref idref="fl-29"/>
      </object_component>
      <object_component id="oc-123">
         <name>.debug_info</name>
         <load_address>0x1294a4</load_address>
         <run_address>0x1294a4</run_address>
         <size>0x176</size>
         <input_file_ref idref="fl-2a"/>
      </object_component>
      <object_component id="oc-128">
         <name>.debug_info</name>
         <load_address>0x12961a</load_address>
         <run_address>0x12961a</run_address>
         <size>0x231</size>
         <input_file_ref idref="fl-2b"/>
      </object_component>
      <object_component id="oc-12d">
         <name>.debug_info</name>
         <load_address>0x12984b</load_address>
         <run_address>0x12984b</run_address>
         <size>0x118</size>
         <input_file_ref idref="fl-2c"/>
      </object_component>
      <object_component id="oc-132">
         <name>.debug_info</name>
         <load_address>0x129963</load_address>
         <run_address>0x129963</run_address>
         <size>0x11e</size>
         <input_file_ref idref="fl-2d"/>
      </object_component>
      <object_component id="oc-137">
         <name>.debug_info</name>
         <load_address>0x129a81</load_address>
         <run_address>0x129a81</run_address>
         <size>0x118</size>
         <input_file_ref idref="fl-2e"/>
      </object_component>
      <object_component id="oc-13c">
         <name>.debug_info</name>
         <load_address>0x129b99</load_address>
         <run_address>0x129b99</run_address>
         <size>0x117</size>
         <input_file_ref idref="fl-2f"/>
      </object_component>
      <object_component id="oc-140">
         <name>.debug_info</name>
         <load_address>0x129cb0</load_address>
         <run_address>0x129cb0</run_address>
         <size>0x4fa</size>
         <input_file_ref idref="fl-30"/>
      </object_component>
      <object_component id="oc-145">
         <name>.debug_info</name>
         <load_address>0x12a1aa</load_address>
         <run_address>0x12a1aa</run_address>
         <size>0x3d3</size>
         <input_file_ref idref="fl-31"/>
      </object_component>
      <object_component id="oc-14a">
         <name>.debug_info</name>
         <load_address>0x12a57d</load_address>
         <run_address>0x12a57d</run_address>
         <size>0x346</size>
         <input_file_ref idref="fl-32"/>
      </object_component>
      <object_component id="oc-14f">
         <name>.debug_info</name>
         <load_address>0x12a8c3</load_address>
         <run_address>0x12a8c3</run_address>
         <size>0x343</size>
         <input_file_ref idref="fl-33"/>
      </object_component>
      <object_component id="oc-154">
         <name>.debug_info</name>
         <load_address>0x12ac06</load_address>
         <run_address>0x12ac06</run_address>
         <size>0x4dd</size>
         <input_file_ref idref="fl-34"/>
      </object_component>
      <object_component id="oc-15b">
         <name>.debug_info</name>
         <load_address>0x12b0e3</load_address>
         <run_address>0x12b0e3</run_address>
         <size>0x465</size>
         <input_file_ref idref="fl-35"/>
      </object_component>
      <object_component id="oc-160">
         <name>.debug_info</name>
         <load_address>0x12b548</load_address>
         <run_address>0x12b548</run_address>
         <size>0x3ee</size>
         <input_file_ref idref="fl-36"/>
      </object_component>
      <object_component id="oc-165">
         <name>.debug_info</name>
         <load_address>0x12b936</load_address>
         <run_address>0x12b936</run_address>
         <size>0x49b</size>
         <input_file_ref idref="fl-37"/>
      </object_component>
      <object_component id="oc-16c">
         <name>.debug_info</name>
         <load_address>0x12bdd1</load_address>
         <run_address>0x12bdd1</run_address>
         <size>0xe8</size>
         <input_file_ref idref="fl-3b"/>
      </object_component>
      <object_component id="oc-20d">
         <name>.debug_info</name>
         <load_address>0x12beb9</load_address>
         <run_address>0x12beb9</run_address>
         <size>0xd4</size>
      </object_component>
      <object_component id="oc-4c">
         <name>.debug_frame</name>
         <load_address>0x0</load_address>
         <run_address>0x0</run_address>
         <size>0x20</size>
         <input_file_ref idref="fl-2"/>
      </object_component>
      <object_component id="oc-57">
         <name>.debug_frame</name>
         <load_address>0x20</load_address>
         <run_address>0x20</run_address>
         <size>0x20</size>
         <input_file_ref idref="fl-4"/>
      </object_component>
      <object_component id="oc-5d">
         <name>.debug_frame</name>
         <load_address>0x40</load_address>
         <run_address>0x40</run_address>
         <size>0x740</size>
         <input_file_ref idref="fl-5"/>
      </object_component>
      <object_component id="oc-94">
         <name>.debug_frame</name>
         <load_address>0x780</load_address>
         <run_address>0x780</run_address>
         <size>0x20</size>
         <input_file_ref idref="fl-7"/>
      </object_component>
      <object_component id="oc-99">
         <name>.debug_frame</name>
         <load_address>0x7a0</load_address>
         <run_address>0x7a0</run_address>
         <size>0x20</size>
         <input_file_ref idref="fl-8"/>
      </object_component>
      <object_component id="oc-9e">
         <name>.debug_frame</name>
         <load_address>0x7c0</load_address>
         <run_address>0x7c0</run_address>
         <size>0x20</size>
         <input_file_ref idref="fl-9"/>
      </object_component>
      <object_component id="oc-a3">
         <name>.debug_frame</name>
         <load_address>0x7e0</load_address>
         <run_address>0x7e0</run_address>
         <size>0x20</size>
         <input_file_ref idref="fl-a"/>
      </object_component>
      <object_component id="oc-b1">
         <name>.debug_frame</name>
         <load_address>0x800</load_address>
         <run_address>0x800</run_address>
         <size>0x90</size>
         <input_file_ref idref="fl-c"/>
      </object_component>
      <object_component id="oc-b8">
         <name>.debug_frame</name>
         <load_address>0xac0</load_address>
         <run_address>0xac0</run_address>
         <size>0x122</size>
         <input_file_ref idref="fl-14"/>
      </object_component>
      <object_component id="oc-bd">
         <name>.debug_frame</name>
         <load_address>0xbe2</load_address>
         <run_address>0xbe2</run_address>
         <size>0x1aa</size>
         <input_file_ref idref="fl-15"/>
      </object_component>
      <object_component id="oc-c2">
         <name>.debug_frame</name>
         <load_address>0xd8c</load_address>
         <run_address>0xd8c</run_address>
         <size>0x19e</size>
         <input_file_ref idref="fl-16"/>
      </object_component>
      <object_component id="oc-c6">
         <name>.debug_frame</name>
         <load_address>0xf2a</load_address>
         <run_address>0xf2a</run_address>
         <size>0x109</size>
         <input_file_ref idref="fl-17"/>
      </object_component>
      <object_component id="oc-ce">
         <name>.debug_frame</name>
         <load_address>0x1033</load_address>
         <run_address>0x1033</run_address>
         <size>0x11b</size>
         <input_file_ref idref="fl-19"/>
      </object_component>
      <object_component id="oc-d9">
         <name>.debug_frame</name>
         <load_address>0x114e</load_address>
         <run_address>0x114e</run_address>
         <size>0xe7</size>
         <input_file_ref idref="fl-1b"/>
      </object_component>
      <object_component id="oc-df">
         <name>.debug_frame</name>
         <load_address>0x1235</load_address>
         <run_address>0x1235</run_address>
         <size>0x15d</size>
         <input_file_ref idref="fl-1c"/>
      </object_component>
      <object_component id="oc-e3">
         <name>.debug_frame</name>
         <load_address>0x1392</load_address>
         <run_address>0x1392</run_address>
         <size>0x1f6</size>
         <input_file_ref idref="fl-1d"/>
      </object_component>
      <object_component id="oc-e9">
         <name>.debug_frame</name>
         <load_address>0x1588</load_address>
         <run_address>0x1588</run_address>
         <size>0x1d8</size>
         <input_file_ref idref="fl-1e"/>
      </object_component>
      <object_component id="oc-ed">
         <name>.debug_frame</name>
         <load_address>0x1760</load_address>
         <run_address>0x1760</run_address>
         <size>0x102</size>
         <input_file_ref idref="fl-1f"/>
      </object_component>
      <object_component id="oc-f1">
         <name>.debug_frame</name>
         <load_address>0x1862</load_address>
         <run_address>0x1862</run_address>
         <size>0x142</size>
         <input_file_ref idref="fl-20"/>
      </object_component>
      <object_component id="oc-141">
         <name>.debug_frame</name>
         <load_address>0x890</load_address>
         <run_address>0x890</run_address>
         <size>0x58</size>
         <input_file_ref idref="fl-30"/>
      </object_component>
      <object_component id="oc-146">
         <name>.debug_frame</name>
         <load_address>0x8e8</load_address>
         <run_address>0x8e8</run_address>
         <size>0x38</size>
         <input_file_ref idref="fl-31"/>
      </object_component>
      <object_component id="oc-14b">
         <name>.debug_frame</name>
         <load_address>0x920</load_address>
         <run_address>0x920</run_address>
         <size>0x38</size>
         <input_file_ref idref="fl-32"/>
      </object_component>
      <object_component id="oc-150">
         <name>.debug_frame</name>
         <load_address>0x958</load_address>
         <run_address>0x958</run_address>
         <size>0x38</size>
         <input_file_ref idref="fl-33"/>
      </object_component>
      <object_component id="oc-157">
         <name>.debug_frame</name>
         <load_address>0x990</load_address>
         <run_address>0x990</run_address>
         <size>0x58</size>
         <input_file_ref idref="fl-34"/>
      </object_component>
      <object_component id="oc-15c">
         <name>.debug_frame</name>
         <load_address>0x9e8</load_address>
         <run_address>0x9e8</run_address>
         <size>0x68</size>
         <input_file_ref idref="fl-35"/>
      </object_component>
      <object_component id="oc-161">
         <name>.debug_frame</name>
         <load_address>0xa50</load_address>
         <run_address>0xa50</run_address>
         <size>0x38</size>
         <input_file_ref idref="fl-36"/>
      </object_component>
      <object_component id="oc-166">
         <name>.debug_frame</name>
         <load_address>0xa88</load_address>
         <run_address>0xa88</run_address>
         <size>0x38</size>
         <input_file_ref idref="fl-37"/>
      </object_component>
      <object_component id="oc-4d">
         <name>.debug_line</name>
         <load_address>0x0</load_address>
         <run_address>0x0</run_address>
         <size>0x77</size>
         <input_file_ref idref="fl-2"/>
      </object_component>
      <object_component id="oc-51">
         <name>.debug_line</name>
         <load_address>0x77</load_address>
         <run_address>0x77</run_address>
         <size>0xa9</size>
         <input_file_ref idref="fl-3"/>
      </object_component>
      <object_component id="oc-58">
         <name>.debug_line</name>
         <load_address>0x120</load_address>
         <run_address>0x120</run_address>
         <size>0x7d</size>
         <input_file_ref idref="fl-4"/>
      </object_component>
      <object_component id="oc-5e">
         <name>.debug_line</name>
         <load_address>0x19d</load_address>
         <run_address>0x19d</run_address>
         <size>0x74f</size>
         <input_file_ref idref="fl-5"/>
      </object_component>
      <object_component id="oc-95">
         <name>.debug_line</name>
         <load_address>0x8ec</load_address>
         <run_address>0x8ec</run_address>
         <size>0x7b</size>
         <input_file_ref idref="fl-7"/>
      </object_component>
      <object_component id="oc-9a">
         <name>.debug_line</name>
         <load_address>0x967</load_address>
         <run_address>0x967</run_address>
         <size>0x7b</size>
         <input_file_ref idref="fl-8"/>
      </object_component>
      <object_component id="oc-9f">
         <name>.debug_line</name>
         <load_address>0x9e2</load_address>
         <run_address>0x9e2</run_address>
         <size>0x7b</size>
         <input_file_ref idref="fl-9"/>
      </object_component>
      <object_component id="oc-a4">
         <name>.debug_line</name>
         <load_address>0xa5d</load_address>
         <run_address>0xa5d</run_address>
         <size>0x82</size>
         <input_file_ref idref="fl-a"/>
      </object_component>
      <object_component id="oc-a8">
         <name>.debug_line</name>
         <load_address>0xadf</load_address>
         <run_address>0xadf</run_address>
         <size>0x90</size>
         <input_file_ref idref="fl-b"/>
      </object_component>
      <object_component id="oc-b2">
         <name>.debug_line</name>
         <load_address>0xb6f</load_address>
         <run_address>0xb6f</run_address>
         <size>0x9f</size>
         <input_file_ref idref="fl-c"/>
      </object_component>
      <object_component id="oc-b9">
         <name>.debug_line</name>
         <load_address>0xc0e</load_address>
         <run_address>0xc0e</run_address>
         <size>0xa98</size>
         <input_file_ref idref="fl-14"/>
      </object_component>
      <object_component id="oc-be">
         <name>.debug_line</name>
         <load_address>0x16a6</load_address>
         <run_address>0x16a6</run_address>
         <size>0xb59</size>
         <input_file_ref idref="fl-15"/>
      </object_component>
      <object_component id="oc-c3">
         <name>.debug_line</name>
         <load_address>0x21ff</load_address>
         <run_address>0x21ff</run_address>
         <size>0xac5</size>
         <input_file_ref idref="fl-16"/>
      </object_component>
      <object_component id="oc-c7">
         <name>.debug_line</name>
         <load_address>0x2cc4</load_address>
         <run_address>0x2cc4</run_address>
         <size>0x9c4</size>
         <input_file_ref idref="fl-17"/>
      </object_component>
      <object_component id="oc-cb">
         <name>.debug_line</name>
         <load_address>0x3688</load_address>
         <run_address>0x3688</run_address>
         <size>0x61</size>
         <input_file_ref idref="fl-18"/>
      </object_component>
      <object_component id="oc-cf">
         <name>.debug_line</name>
         <load_address>0x36e9</load_address>
         <run_address>0x36e9</run_address>
         <size>0xa17</size>
         <input_file_ref idref="fl-19"/>
      </object_component>
      <object_component id="oc-d4">
         <name>.debug_line</name>
         <load_address>0x4100</load_address>
         <run_address>0x4100</run_address>
         <size>0x56</size>
         <input_file_ref idref="fl-1a"/>
      </object_component>
      <object_component id="oc-da">
         <name>.debug_line</name>
         <load_address>0x4156</load_address>
         <run_address>0x4156</run_address>
         <size>0x7d</size>
         <input_file_ref idref="fl-1b"/>
      </object_component>
      <object_component id="oc-e0">
         <name>.debug_line</name>
         <load_address>0x41d3</load_address>
         <run_address>0x41d3</run_address>
         <size>0xaca</size>
         <input_file_ref idref="fl-1c"/>
      </object_component>
      <object_component id="oc-e4">
         <name>.debug_line</name>
         <load_address>0x4c9d</load_address>
         <run_address>0x4c9d</run_address>
         <size>0xac0</size>
         <input_file_ref idref="fl-1d"/>
      </object_component>
      <object_component id="oc-ea">
         <name>.debug_line</name>
         <load_address>0x575d</load_address>
         <run_address>0x575d</run_address>
         <size>0xc5d</size>
         <input_file_ref idref="fl-1e"/>
      </object_component>
      <object_component id="oc-ee">
         <name>.debug_line</name>
         <load_address>0x63ba</load_address>
         <run_address>0x63ba</run_address>
         <size>0xa47</size>
         <input_file_ref idref="fl-1f"/>
      </object_component>
      <object_component id="oc-f2">
         <name>.debug_line</name>
[...]
         <name>_EmuKey</name>
         <value>0xd00</value>
         <object_component_ref idref="oc-63"/>
      </symbol>
      <symbol id="sm-247">
         <name>_LinaRegs</name>
         <value>0x6c00</value>
         <object_component_ref idref="oc-8e"/>
      </symbol>
      <symbol id="sm-248">
         <name>_Cla1Regs</name>
         <value>0x1400</value>
         <object_component_ref idref="oc-84"/>
      </symbol>
      <symbol id="sm-249">
         <name>_EQep1Regs</name>
         <value>0x6b00</value>
         <object_component_ref idref="oc-8c"/>
      </symbol>
      <symbol id="sm-24a">
         <name>_EPwm1Regs</name>
         <value>0x6800</value>
         <object_component_ref idref="oc-85"/>
      </symbol>
      <symbol id="sm-24b">
         <name>_GpioIntRegs</name>
         <value>0x6fe0</value>
         <object_component_ref idref="oc-6e"/>
      </symbol>
      <symbol id="sm-24c">
         <name>_PartIdRegs</name>
         <value>0x3d7e80</value>
         <object_component_ref idref="oc-62"/>
      </symbol>
      <symbol id="sm-24d">
         <name>_Flash_CPUScaleFactor</name>
         <value>0xd04</value>
         <object_component_ref idref="oc-65"/>
      </symbol>
      <symbol id="sm-24e">
         <name>_EPwm2Regs</name>
         <value>0x6840</value>
         <object_component_ref idref="oc-86"/>
      </symbol>
      <symbol id="sm-24f">
         <name>_ECanaMboxes</name>
         <value>0x6100</value>
         <object_component_ref idref="oc-90"/>
      </symbol>
      <symbol id="sm-250">
         <name>_HRCap2Regs</name>
         <value>0x6ae0</value>
         <object_component_ref idref="oc-7d"/>
      </symbol>
      <symbol id="sm-251">
         <name>_NmiIntruptRegs</name>
         <value>0x7060</value>
         <object_component_ref idref="oc-70"/>
      </symbol>
      <symbol id="sm-252">
         <name>_ECanaMOTORegs</name>
         <value>0x60c0</value>
         <object_component_ref idref="oc-83"/>
      </symbol>
      <symbol id="sm-253">
         <name>_Flash_CallbackPtr</name>
         <value>0xd02</value>
         <object_component_ref idref="oc-66"/>
      </symbol>
      <symbol id="sm-254">
         <name>_EPwm3Regs</name>
         <value>0x6880</value>
         <object_component_ref idref="oc-87"/>
      </symbol>
      <symbol id="sm-255">
         <name>_I2caRegs</name>
         <value>0x7900</value>
         <object_component_ref idref="oc-7f"/>
      </symbol>
      <symbol id="sm-285">
         <name>_DSP28x_usDelay</name>
         <value>0x3e801b</value>
         <object_component_ref idref="oc-a7"/>
      </symbol>
      <symbol id="sm-29c">
         <name>_main</name>
         <value>0x6c6</value>
         <object_component_ref idref="oc-177"/>
      </symbol>
      <symbol id="sm-29e">
         <name>_MyCntrl</name>
         <value>0x8d00</value>
         <object_component_ref idref="oc-ad"/>
      </symbol>
      <symbol id="sm-29f">
         <name>_SlopeTask</name>
         <value>0x9000</value>
         <object_component_ref idref="oc-ae"/>
      </symbol>
      <symbol id="sm-2a0">
         <name>_IsrAdc</name>
         <value>0x84e5</value>
         <object_component_ref idref="oc-af"/>
      </symbol>
      <symbol id="sm-2c1">
         <name>_ADC_config</name>
         <value>0x78d</value>
         <object_component_ref idref="oc-188"/>
      </symbol>
      <symbol id="sm-2c2">
         <name>_ADC_setExternalRefernce</name>
         <value>0x876b</value>
         <object_component_ref idref="oc-19c"/>
      </symbol>
      <symbol id="sm-2c3">
         <name>_ADC_setCallback</name>
         <value>0x8325</value>
         <object_component_ref idref="oc-189"/>
      </symbol>
      <symbol id="sm-2c4">
         <name>_ADC_init</name>
         <value>0x867c</value>
         <object_component_ref idref="oc-17d"/>
      </symbol>
      <symbol id="sm-2fe">
         <name>_SYS_initPeripheralClocks</name>
         <value>0x8aa1</value>
         <object_component_ref idref="oc-196"/>
      </symbol>
      <symbol id="sm-2ff">
         <name>_SYS_initFunc</name>
         <value>0x8722</value>
         <object_component_ref idref="oc-17a"/>
      </symbol>
      <symbol id="sm-300">
         <name>_SYS_initStack</name>
         <value>0x8a4e</value>
         <object_component_ref idref="oc-192"/>
      </symbol>
      <symbol id="sm-301">
         <name>_StackEndPtr</name>
         <value>0x8d60</value>
         <object_component_ref idref="oc-bc"/>
      </symbol>
      <symbol id="sm-302">
         <name>_SYS_initPhaseLockedLoop</name>
         <value>0x8587</value>
         <object_component_ref idref="oc-19b"/>
      </symbol>
      <symbol id="sm-303">
         <name>_SYS_checkResource</name>
         <value>0x83b4</value>
         <object_component_ref idref="oc-1a7"/>
      </symbol>
      <symbol id="sm-304">
         <name>_SYS_setTideMarker</name>
         <value>0x88cd</value>
         <object_component_ref idref="oc-193"/>
      </symbol>
      <symbol id="sm-305">
         <name>_SYS_initFlash</name>
         <value>0x3e8000</value>
         <object_component_ref idref="oc-197"/>
      </symbol>
      <symbol id="sm-306">
         <name>_SYS_dummyRamFuncs</name>
         <value>0x252</value>
         <object_component_ref idref="oc-198"/>
      </symbol>
      <symbol id="sm-32d">
         <name>_CLA_Address</name>
         <value>0x1500</value>
         <object_component_ref idref="oc-c1"/>
      </symbol>
      <symbol id="sm-32e">
         <name>_CLA_isRunning</name>
         <value>0x8a5c</value>
         <object_component_ref idref="oc-1b8"/>
      </symbol>
      <symbol id="sm-32f">
         <name>_CLA_Data</name>
         <value>0x1502</value>
         <object_component_ref idref="oc-c1"/>
      </symbol>
      <symbol id="sm-330">
         <name>_CLA_softwareStart</name>
         <value>0x8a69</value>
         <object_component_ref idref="oc-1b7"/>
      </symbol>
      <symbol id="sm-331">
         <name>_CLA_getVectorPtr</name>
         <value>0x8a8d</value>
         <object_component_ref idref="oc-19f"/>
      </symbol>
      <symbol id="sm-332">
         <name>_CLA_memSet</name>
         <value>0x87ca</value>
         <object_component_ref idref="oc-1b4"/>
      </symbol>
      <symbol id="sm-333">
         <name>_CLA_softwareStartWait</name>
         <value>0x8a82</value>
         <object_component_ref idref="oc-1b6"/>
      </symbol>
      <symbol id="sm-334">
         <name>_CLA_config</name>
         <value>0x8552</value>
         <object_component_ref idref="oc-17f"/>
      </symbol>
      <symbol id="sm-335">
         <name>_CLA_init</name>
         <value>0x85ba</value>
         <object_component_ref idref="oc-1aa"/>
      </symbol>
      <symbol id="sm-346">
         <name>_CMP_pin</name>
         <value>0x7e9</value>
         <object_component_ref idref="oc-18c"/>
      </symbol>
      <symbol id="sm-347">
         <name>_CMP_config</name>
         <value>0x8370</value>
         <object_component_ref idref="oc-18b"/>
      </symbol>
      <symbol id="sm-348">
         <name>_CMP_setDac</name>
         <value>0x8ad8</value>
         <object_component_ref idref="oc-16f"/>
      </symbol>
      <symbol id="sm-350">
         <name>_CNTRL_2p2z</name>
         <value>0x864f</value>
         <object_component_ref idref="oc-c9"/>
      </symbol>
      <symbol id="sm-365">
         <name>_CNTRL_2p2zInit</name>
         <value>0x8278</value>
         <object_component_ref idref="oc-18a"/>
      </symbol>
      <symbol id="sm-366">
         <name>_CNTRL_2p2zSoftStartUpdate</name>
         <value>0x878b</value>
         <object_component_ref idref="oc-170"/>
      </symbol>
      <symbol id="sm-367">
         <name>_CNTRL_2p2zSoftStartConfig</name>
         <value>0x8435</value>
         <object_component_ref idref="oc-18d"/>
      </symbol>
      <symbol id="sm-373">
         <name>_code_start</name>
         <value>0x2</value>
         <object_component_ref idref="oc-d2"/>
      </symbol>
      <symbol id="sm-387">
         <name>_ERR_exceptFunc</name>
         <value>0x8ae8</value>
         <object_component_ref idref="oc-1a5"/>
      </symbol>
      <symbol id="sm-388">
         <name>_ERR_Value</name>
         <value>0x8d63</value>
         <object_component_ref idref="oc-d8"/>
      </symbol>
      <symbol id="sm-389">
         <name>_ERR_assertFunc</name>
         <value>0x8ab5</value>
         <object_component_ref idref="oc-1a2"/>
      </symbol>
      <symbol id="sm-3b4">
         <name>_GPIO_initPro</name>
         <value>0x89bf</value>
         <object_component_ref idref="oc-19a"/>
      </symbol>
      <symbol id="sm-3b5">
         <name>_GPIO_setMux</name>
         <value>0x8a40</value>
         <object_component_ref idref="oc-1a1"/>
      </symbol>
      <symbol id="sm-3b6">
         <name>_GPIO_acquire</name>
         <value>0x851c</value>
         <object_component_ref idref="oc-19d"/>
      </symbol>
      <symbol id="sm-3b7">
         <name>_GPIO_config</name>
         <value>0x8a22</value>
         <object_component_ref idref="oc-17e"/>
      </symbol>
      <symbol id="sm-3b8">
         <name>_GPIO_reConfig</name>
         <value>0x8096</value>
         <object_component_ref idref="oc-19e"/>
      </symbol>
      <symbol id="sm-3e5">
         <name>_INT_initPro</name>
         <value>0x89f2</value>
         <object_component_ref idref="oc-199"/>
      </symbol>
      <symbol id="sm-3e6">
         <name>_INT_enablePieGroup</name>
         <value>0x8915</value>
         <object_component_ref idref="oc-1b1"/>
      </symbol>
      <symbol id="sm-3e7">
         <name>_INT_enablePieId</name>
         <value>0x8a76</value>
         <object_component_ref idref="oc-1a4"/>
      </symbol>
      <symbol id="sm-3e8">
         <name>_INT_setCallback</name>
         <value>0x89d0</value>
         <object_component_ref idref="oc-1a3"/>
      </symbol>
      <symbol id="sm-3e9">
         <name>_INT_enableGlobal</name>
         <value>0x8a97</value>
         <object_component_ref idref="oc-18e"/>
      </symbol>
      <symbol id="sm-3ea">
         <name>_INT_enablePieIndex</name>
         <value>0x86a6</value>
         <object_component_ref idref="oc-1b0"/>
      </symbol>
      <symbol id="sm-43e">
         <name>_PWM_setBlankingWindow</name>
         <value>0x8abe</value>
         <object_component_ref idref="oc-185"/>
      </symbol>
      <symbol id="sm-43f">
         <name>_PWM_configBlanking</name>
         <value>0x5e8</value>
         <object_component_ref idref="oc-184"/>
      </symbol>
      <symbol id="sm-440">
         <name>_PWM_configClocks</name>
         <value>0x3d0</value>
         <object_component_ref idref="oc-1a0"/>
      </symbol>
      <symbol id="sm-441">
         <name>_PWM_setAdcSoc</name>
         <value>0x8471</value>
         <object_component_ref idref="oc-182"/>
      </symbol>
      <symbol id="sm-442">
         <name>_MEP_ScaleFactor</name>
         <value>0x8d2c</value>
         <object_component_ref idref="oc-e8"/>
      </symbol>
      <symbol id="sm-443">
         <name>_PWM_setTripZone</name>
         <value>0x83f5</value>
         <object_component_ref idref="oc-186"/>
      </symbol>
      <symbol id="sm-444">
         <name>_PWM_config</name>
         <value>0x8a02</value>
         <object_component_ref idref="oc-180"/>
      </symbol>
      <symbol id="sm-445">
         <name>_isMepCalibrated</name>
         <value>0x8d2d</value>
         <object_component_ref idref="oc-e8"/>
      </symbol>
      <symbol id="sm-446">
         <name>_PWM_pin</name>
         <value>0x8000</value>
         <object_component_ref idref="oc-181"/>
      </symbol>
      <symbol id="sm-447">
         <name>_PWM_setTripState</name>
         <value>0x8824</value>
         <object_component_ref idref="oc-187"/>
      </symbol>
      <symbol id="sm-448">
         <name>_PWM_setCallback</name>
         <value>0x85ec</value>
         <object_component_ref idref="oc-183"/>
      </symbol>
      <symbol id="sm-449">
         <name>_ePWM</name>
         <value>0x8d2e</value>
         <object_component_ref idref="oc-e8"/>
      </symbol>
      <symbol id="sm-45e">
         <name>_SYS_initFuncLocal</name>
         <value>0x8997</value>
         <object_component_ref idref="oc-195"/>
      </symbol>
      <symbol id="sm-45f">
         <name>_SYS_configClk</name>
         <value>0x861e</value>
         <object_component_ref idref="oc-17b"/>
      </symbol>
      <symbol id="sm-460">
         <name>_SYS_setPerhiperalClk</name>
         <value>0x8a31</value>
         <object_component_ref idref="oc-17c"/>
      </symbol>
      <symbol id="sm-461">
         <name>_SysModules</name>
         <value>0x8daa</value>
         <object_component_ref idref="oc-1b2"/>
      </symbol>
      <symbol id="sm-47c">
         <name>_WDG_config</name>
         <value>0x84ab</value>
         <object_component_ref idref="oc-191"/>
      </symbol>
      <symbol id="sm-47d">
         <name>_WDG_kick</name>
         <value>0x8aab</value>
         <object_component_ref idref="oc-1ad"/>
      </symbol>
      <symbol id="sm-487">
         <name>_Cla1MemSet</name>
         <value>0x91f0</value>
         <object_component_ref idref="oc-f4"/>
      </symbol>
      <symbol id="sm-4a2">
         <name>_c_int00</name>
         <value>0x82d1</value>
         <object_component_ref idref="oc-f8"/>
      </symbol>
      <symbol id="sm-4a3">
         <name>__stack</name>
         <value>0x8afa</value>
         <object_component_ref idref="oc-f9"/>
      </symbol>
      <symbol id="sm-4b5">
         <name>FD$$MPY</name>
         <value>0x8123</value>
         <object_component_ref idref="oc-ff"/>
      </symbol>
      <symbol id="sm-4c4">
         <name>FD$$TOL</name>
         <value>0x87ab</value>
         <object_component_ref idref="oc-104"/>
      </symbol>
      <symbol id="sm-4de">
         <name>FS$$ADD</name>
         <value>0x81ab</value>
         <object_component_ref idref="oc-109"/>
      </symbol>
      <symbol id="sm-4df">
         <name>FS$$SUB</name>
         <value>0x81a6</value>
         <object_component_ref idref="oc-109"/>
      </symbol>
      <symbol id="sm-4f1">
         <name>FS$$CMP</name>
         <value>0x892c</value>
         <object_component_ref idref="oc-10e"/>
      </symbol>
      <symbol id="sm-502">
         <name>FS$$MPY</name>
         <value>0x821e</value>
         <object_component_ref idref="oc-113"/>
      </symbol>
      <symbol id="sm-515">
         <name>FS$$TOL</name>
         <value>0x86f9</value>
         <object_component_ref idref="oc-118"/>
      </symbol>
      <symbol id="sm-526">
         <name>FS$$TOU</name>
         <value>0x8841</value>
         <object_component_ref idref="oc-11d"/>
      </symbol>
      <symbol id="sm-532">
         <name>LL$$AND</name>
         <value>0x88fd</value>
         <object_component_ref idref="oc-122"/>
      </symbol>
      <symbol id="sm-533">
         <name>LL$$OR</name>
         <value>0x8905</value>
         <object_component_ref idref="oc-122"/>
      </symbol>
      <symbol id="sm-534">
         <name>LL$$XOR</name>
         <value>0x890d</value>
         <object_component_ref idref="oc-122"/>
      </symbol>
      <symbol id="sm-560">
         <name>ULL$$MOD</name>
         <value>0x586</value>
         <object_component_ref idref="oc-127"/>
      </symbol>
      <symbol id="sm-561">
         <name>ULL$$DIV</name>
         <value>0x557</value>
         <object_component_ref idref="oc-127"/>
      </symbol>
      <symbol id="sm-562">
         <name>LL$$MOD</name>
         <value>0x51d</value>
         <object_component_ref idref="oc-127"/>
      </symbol>
      <symbol id="sm-563">
         <name>LL$$DIV</name>
         <value>0x4e1</value>
         <object_component_ref idref="oc-127"/>
      </symbol>
      <symbol id="sm-56f">
         <name>LL$$MPY</name>
         <value>0x89ab</value>
         <object_component_ref idref="oc-12c"/>
      </symbol>
      <symbol id="sm-57e">
         <name>I$$TOFS</name>
         <value>0x88b3</value>
         <object_component_ref idref="oc-131"/>
      </symbol>
      <symbol id="sm-58c">
         <name>U$$TOFS</name>
         <value>0x8a12</value>
         <object_component_ref idref="oc-136"/>
      </symbol>
      <symbol id="sm-59c">
         <name>FS$$TOFD</name>
         <value>0x8897</value>
         <object_component_ref idref="oc-13b"/>
      </symbol>
      <symbol id="sm-5ab">
         <name>_copy_in</name>
         <value>0x8747</value>
         <object_component_ref idref="oc-172"/>
      </symbol>
      <symbol id="sm-5bd">
         <name>_memcpy</name>
         <value>0x885e</value>
         <object_component_ref idref="oc-176"/>
      </symbol>
      <symbol id="sm-5ca">
         <name>__system_pre_init</name>
         <value>0x8af6</value>
         <object_component_ref idref="oc-171"/>
      </symbol>
      <symbol id="sm-5d8">
         <name>__system_post_cinit</name>
         <value>0x8af8</value>
         <object_component_ref idref="oc-173"/>
      </symbol>
      <symbol id="sm-5ed">
         <name>C$$EXIT</name>
         <value>0x86d0</value>
         <object_component_ref idref="oc-175"/>
      </symbol>
      <symbol id="sm-5ee">
         <name>_exit</name>
         <value>0x86d2</value>
         <object_component_ref idref="oc-175"/>
      </symbol>
      <symbol id="sm-5f0">
         <name>___TI_cleanup_ptr</name>
         <value>0x8d5a</value>
         <object_component_ref idref="oc-156"/>
      </symbol>
      <symbol id="sm-5f1">
         <name>___TI_enable_exit_profile_output</name>
         <value>0x8d58</value>
         <object_component_ref idref="oc-156"/>
      </symbol>
      <symbol id="sm-5f2">
         <name>_abort</name>
         <value>0x86d0</value>
         <object_component_ref idref="oc-175"/>
      </symbol>
      <symbol id="sm-5f4">
         <name>___TI_dtors_ptr</name>
         <value>0x8d5c</value>
         <object_component_ref idref="oc-156"/>
      </symbol>
      <symbol id="sm-608">
         <name>__unlock</name>
         <value>0x8d5e</value>
         <object_component_ref idref="oc-1a8"/>
      </symbol>
      <symbol id="sm-609">
         <name>__lock</name>
         <value>0x8d3e</value>
         <object_component_ref idref="oc-178"/>
      </symbol>
      <symbol id="sm-60a">
         <name>__register_lock</name>
         <value>0x8acb</value>
         <object_component_ref idref="oc-18f"/>
      </symbol>
      <symbol id="sm-60c">
         <name>__nop</name>
         <value>0x8acf</value>
         <object_component_ref idref="oc-18f"/>
      </symbol>
      <symbol id="sm-60e">
         <name>__register_unlock</name>
         <value>0x8ac7</value>
         <object_component_ref idref="oc-18f"/>
      </symbol>
      <symbol id="sm-61e">
         <name>__args_main</name>
         <value>0x89e1</value>
         <object_component_ref idref="oc-174"/>
      </symbol>
      <symbol id="sm-62d">
         <name>_memset</name>
         <value>0x8aef</value>
         <object_component_ref idref="oc-1a6"/>
      </symbol>
      <symbol id="sm-63a">
         <name>__IQ15toF</name>
         <value>0x8dc8</value>
         <object_component_ref idref="oc-16a"/>
      </symbol>
   </symbol_table>
   <title>Link successful</title>
</link_info>
